#-----------------------------------------------------------
# Vivado v2019.1 (64-bit)
# SW Build 2552052 on Fri May 24 14:49:42 MDT 2019
# IP Build 2548770 on Fri May 24 18:01:18 MDT 2019
# Start of session at: Fri Oct 11 00:47:10 2024
# Process ID: 3924
# Current directory: E:/CCDC/KNU_Git/foodbug/KNU_CCDC
# Command line: vivado.exe -gui_launcher_event rodinguilauncherevent6452 E:\CCDC\KNU_Git\foodbug\KNU_CCDC\KNU_CNN.xpr
# Log file: E:/CCDC/KNU_Git/foodbug/KNU_CCDC/vivado.log
# Journal file: E:/CCDC/KNU_Git/foodbug/KNU_CCDC\vivado.jou
#-----------------------------------------------------------
start_gui
open_project E:/CCDC/KNU_Git/foodbug/KNU_CCDC/KNU_CNN.xpr
update_compile_order -fileset sources_1
launch_simulation
open_wave_config E:/CCDC/KNU_Git/foodbug/KNU_CCDC/KNU_CNN.srcs/sim_1/imports/PE_5x5_test_row2/tb_PE_Array_behav1.wcfg
source tb_top.tcl
close_sim
set_property SOURCE_SET sources_1 [get_filesets sim_1]
close [ open E:/CCDC/KNU_Git/foodbug/KNU_CCDC/KNU_CNN.srcs/sim_1/new/tb_acc.sv w ]
add_files -fileset sim_1 E:/CCDC/KNU_Git/foodbug/KNU_CCDC/KNU_CNN.srcs/sim_1/new/tb_acc.sv
update_compile_order -fileset sim_1
# Disabling source management mode.  This is to allow the top design properties to be set without GUI intervention.
set_property source_mgmt_mode None [current_project]
set_property top tb_acc [get_filesets sim_1]
set_property top_lib xil_defaultlib [get_filesets sim_1]
# Re-enabling previously disabled source management mode.
set_property source_mgmt_mode All [current_project]
update_compile_order -fileset sim_1
launch_simulation
open_wave_config E:/CCDC/KNU_Git/foodbug/KNU_CCDC/KNU_CNN.srcs/sim_1/imports/PE_5x5_test_row2/tb_PE_Array_behav1.wcfg
source tb_acc.tcl
create_wave_config
relaunch_sim
run 1 us
run 1 us
run 1 us
run 1 us
relaunch_sim
run 1 us
run 1 us
relaunch_sim
run 1 us
relaunch_sim
relaunch_sim
run 1 us
run 1 us
relaunch_sim
run 1 us
relaunch_sim
run 1 us
relaunch_sim
run 1 us
save_wave_config {E:/CCDC/KNU_Git/foodbug/KNU_CCDC/tb_acc_behav.wcfg}
add_files -fileset sim_1 -norecurse E:/CCDC/KNU_Git/foodbug/KNU_CCDC/tb_acc_behav.wcfg
set_property xsim.view {E:/CCDC/PE_5x5_test_row2/tb_PE_Array_behav.wcfg E:/CCDC/PE_5x5_test_row2/tb_PE_Array_behav1.wcfg E:/CCDC/KNU_Git/foodbug/KNU_CCDC/tb_acc_behav.wcfg} [get_filesets sim_1]
close_sim
