#-----------------------------------------------------------
# Vivado v2019.1 (64-bit)
# SW Build 2552052 on Fri May 24 14:49:42 MDT 2019
# IP Build 2548770 on Fri May 24 18:01:18 MDT 2019
# Start of session at: Sat Oct 19 10:47:43 2024
# Process ID: 23348
# Current directory: E:/CCDC/KNU_Git/foodbug/KNU_CCDC
# Command line: vivado.exe -gui_launcher_event rodinguilauncherevent16604 E:\CCDC\KNU_Git\foodbug\KNU_CCDC\KNU_CNN.xpr
# Log file: E:/CCDC/KNU_Git/foodbug/KNU_CCDC/vivado.log
# Journal file: E:/CCDC/KNU_Git/foodbug/KNU_CCDC\vivado.jou
#-----------------------------------------------------------
start_gui
open_project E:/CCDC/KNU_Git/foodbug/KNU_CCDC/KNU_CNN.xpr
update_compile_order -fileset sources_1
launch_simulation
launch_simulation
close [ open E:/CCDC/KNU_Git/foodbug/KNU_CCDC/KNU_CNN.srcs/sources_1/new/shiftBuffer.v w ]
add_files E:/CCDC/KNU_Git/foodbug/KNU_CCDC/KNU_CNN.srcs/sources_1/new/shiftBuffer.v
update_compile_order -fileset sources_1
launch_simulation
open_wave_config E:/CCDC/KNU_Git/foodbug/KNU_CCDC/KNU_CNN.srcs/sim_1/imports/PE_5x5_test_row2/tb_PE_Array_behav1.wcfg
source tb_top.tcl
run 3 us
run 3 us
relaunch_sim
run 3 us
run 3 us
save_wave_config {E:/CCDC/KNU_Git/foodbug/KNU_CCDC/KNU_CNN.srcs/sim_1/imports/PE_5x5_test_row2/tb_PE_Array_behav1.wcfg}
relaunch_sim
run 3 us
run 3 us
save_wave_config {E:/CCDC/KNU_Git/foodbug/KNU_CCDC/KNU_CNN.srcs/sim_1/imports/PE_5x5_test_row2/tb_PE_Array_behav1.wcfg}
save_wave_config {E:/CCDC/KNU_Git/foodbug/KNU_CCDC/KNU_CNN.srcs/sim_1/imports/PE_5x5_test_row2/tb_PE_Array_behav1.wcfg}
save_wave_config {E:/CCDC/KNU_Git/foodbug/KNU_CCDC/KNU_CNN.srcs/sim_1/imports/PE_5x5_test_row2/tb_PE_Array_behav1.wcfg}
set_property BOARD_PART_REPO_PATHS {C:/Users/opqrs/AppData/Roaming/Xilinx/Vivado/2019.1/xhub/board_store} [current_project]
set_param board.repoPaths {C:/Users/opqrs/AppData/Roaming/Xilinx/Vivado/2019.1/xhub/board_store}
set_property board_part digilentinc.com:zybo-z7-20:part0:1.2 [current_project]
set_property BOARD_PART_REPO_PATHS {C:/Users/opqrs/AppData/Roaming/Xilinx/Vivado/2019.1/xhub/board_store} [current_project]
set_param board.repoPaths {C:/Users/opqrs/AppData/Roaming/Xilinx/Vivado/2019.1/xhub/board_store}
launch_runs synth_1 -jobs 12
wait_on_run synth_1
relaunch_sim
run 3 us
run 3 us
reset_run synth_1
launch_runs synth_1 -jobs 12
wait_on_run synth_1
relaunch_sim
relaunch_sim
run 3 us
reset_run synth_1
launch_runs synth_1 -jobs 12
wait_on_run synth_1
launch_runs impl_1 -jobs 12
wait_on_run impl_1
open_run impl_1
save_project_as MNIST_CNN E:/CCDC/KNU_Git/foodbug/KNU_CCDC/MNIST_CNN -force
import_files
close_sim
