17:04:00 **** Build of configuration Debug for project ZynqLab01 ****
make pre-build main-build 
a9-linaro-pre-build-step
' '
'Building file: ../main.c'
'Invoking: ARM v7 gcc compiler'
arm-none-eabi-gcc -Wall -O0 -g3 -c -fmessage-length=0 -MT"main.o" -mcpu=cortex-a9 -mfpu=vfpv3 -mfloat-abi=hard -I../../ZynqLab01_bsp/ps7_cortexa9_0/include -MMD -MP -MF"main.d" -MT"main.o" -o "main.o" "../main.c"
'Finished building: ../main.c'
' '
'Building target: ZynqLab01.elf'
'Invoking: ARM v7 gcc linker'
arm-none-eabi-gcc -mcpu=cortex-a9 -mfpu=vfpv3 -mfloat-abi=hard -Wl,-build-id=none -specs=Xilinx.spec -Wl,-T -Wl,../src/lscript.ld -L../../ZynqLab01_bsp/ps7_cortexa9_0/lib -o "ZynqLab01.elf"  ./main.o   -Wl,--start-group,-lxil,-lgcc,-lc,--end-group
'Finished building target: ZynqLab01.elf'
' '
'Invoking: ARM v7 Print Size'
arm-none-eabi-size ZynqLab01.elf  |tee "ZynqLab01.elf.size"
   text	   data	    bss	    dec	    hex	filename
  28492	   2184	  22632	  53308	   d03c	ZynqLab01.elf
'Finished building: ZynqLab01.elf.size'
' '

17:04:01 Build Finished (took 686ms)

